#! /usr/bin/vvp
:ivl_version "12.0 (stable)";
:ivl_delay_selection "TYPICAL";
:vpi_time_precision + 0;
:vpi_module "/usr/lib/x86_64-linux-gnu/ivl/system.vpi";
:vpi_module "/usr/lib/x86_64-linux-gnu/ivl/vhdl_sys.vpi";
:vpi_module "/usr/lib/x86_64-linux-gnu/ivl/vhdl_textio.vpi";
:vpi_module "/usr/lib/x86_64-linux-gnu/ivl/v2005_math.vpi";
:vpi_module "/usr/lib/x86_64-linux-gnu/ivl/va_math.vpi";
:vpi_module "/usr/lib/x86_64-linux-gnu/ivl/v2009.vpi";
S_0x5a1b78913c90 .scope package, "$unit" "$unit" 2 1;
 .timescale 0 0;
S_0x5a1b78913e20 .scope module, "Testbench" "Testbench" 3 1;
 .timescale 0 0;
v0x5a1b78964560_0 .var "External_A", 7 0;
v0x5a1b78964690_0 .var "External_B", 7 0;
v0x5a1b789647a0_0 .var "Input_Instruccion", 7 0;
v0x5a1b78964840_0 .net "Out_ALU", 7 0, v0x5a1b789402c0_0;  1 drivers
v0x5a1b789648e0_0 .var "clk", 0 0;
v0x5a1b789649d0_0 .var "reset", 0 0;
S_0x5a1b7891f5a0 .scope module, "cpu" "CPU" 3 11, 4 1 0, S_0x5a1b78913e20;
 .timescale 0 0;
    .port_info 0 /INPUT 1 "clk";
    .port_info 1 /INPUT 1 "reset";
    .port_info 2 /INPUT 8 "Input_A";
    .port_info 3 /INPUT 8 "Input_B";
    .port_info 4 /INPUT 8 "input_IR";
    .port_info 5 /OUTPUT 8 "ALU_Out_CPU";
v0x5a1b78962d30_0 .net "A", 7 0, v0x5a1b7895f3c0_0;  1 drivers
v0x5a1b78962e60_0 .net "ALU_Op", 0 0, v0x5a1b78961640_0;  1 drivers
v0x5a1b78962f70_0 .net "ALU_Out", 7 0, v0x5a1b78961150_0;  1 drivers
v0x5a1b78963060_0 .net "ALU_Out_CPU", 7 0, v0x5a1b789402c0_0;  alias, 1 drivers
v0x5a1b789631b0_0 .net "B", 7 0, v0x5a1b7895fad0_0;  1 drivers
v0x5a1b789632c0_0 .net "IR", 7 0, v0x5a1b78960260_0;  1 drivers
v0x5a1b789633d0_0 .net "Inc_PC", 0 0, v0x5a1b789618e0_0;  1 drivers
v0x5a1b789634e0_0 .net "Input_A", 7 0, v0x5a1b78964560_0;  1 drivers
v0x5a1b789635a0_0 .net "Input_B", 7 0, v0x5a1b78964690_0;  1 drivers
v0x5a1b789636d0_0 .net "Input_Reg_A", 7 0, v0x5a1b7895e6a0_0;  1 drivers
v0x5a1b78963770_0 .net "Input_Reg_B", 7 0, v0x5a1b7895ee40_0;  1 drivers
v0x5a1b78963880_0 .net "MUX_A_sel", 1 0, v0x5a1b789619b0_0;  1 drivers
v0x5a1b78963990_0 .net "MUX_B_sel", 1 0, v0x5a1b78961a50_0;  1 drivers
v0x5a1b78963aa0_0 .net "Mem_Data_OUT", 7 0, v0x5a1b78962800_0;  1 drivers
v0x5a1b78963bf0_0 .net "PC", 7 0, v0x5a1b78960910_0;  1 drivers
L_0x7e09ca4b4018 .functor BUFT 1, C4<00000000000000000000000000000000>, C4<0>, C4<0>, C4<0>;
v0x5a1b78963cb0_0 .net/2s *"_ivl_0", 31 0, L_0x7e09ca4b4018;  1 drivers
v0x5a1b78963d90_0 .net "clk", 0 0, v0x5a1b789648e0_0;  1 drivers
v0x5a1b78963f60_0 .net "input_IR", 7 0, v0x5a1b789647a0_0;  1 drivers
v0x5a1b78964040_0 .net "reset", 0 0, v0x5a1b789649d0_0;  1 drivers
v0x5a1b78964100_0 .net "we_REG_A", 0 0, v0x5a1b78961ea0_0;  1 drivers
v0x5a1b789641c0_0 .net "we_REG_B", 0 0, v0x5a1b78961f70_0;  1 drivers
v0x5a1b789642d0_0 .net "wr_ALU_Out", 0 0, L_0x5a1b78974b20;  1 drivers
v0x5a1b78964370_0 .net "wr_IR", 0 0, v0x5a1b78961db0_0;  1 drivers
L_0x5a1b78974a80 .part L_0x7e09ca4b4018, 0, 1;
L_0x5a1b78974b20 .part v0x5a1b78961c60_0, 0, 1;
S_0x5a1b7891f730 .scope module, "ALU_salida" "REG" 4 48, 5 1 0, S_0x5a1b7891f5a0;
 .timescale 0 0;
    .port_info 0 /INPUT 1 "clk";
    .port_info 1 /INPUT 1 "reset";
    .port_info 2 /INPUT 1 "wr";
    .port_info 3 /INPUT 8 "Data_IN";
    .port_info 4 /OUTPUT 8 "Data_OUT";
v0x5a1b7893fcb0_0 .net "Data_IN", 7 0, v0x5a1b78961150_0;  alias, 1 drivers
v0x5a1b789402c0_0 .var "Data_OUT", 7 0;
v0x5a1b7890e1c0_0 .net "clk", 0 0, v0x5a1b789648e0_0;  alias, 1 drivers
v0x5a1b7890d770_0 .net "reset", 0 0, v0x5a1b789649d0_0;  alias, 1 drivers
v0x5a1b7890cda0_0 .net "wr", 0 0, L_0x5a1b78974b20;  alias, 1 drivers
E_0x5a1b788d9c10 .event negedge, v0x5a1b7890e1c0_0;
S_0x5a1b7895e2b0 .scope module, "MUX_3_A" "MUX_3" 4 64, 6 1 0, S_0x5a1b7891f5a0;
 .timescale 0 0;
    .port_info 0 /INPUT 2 "sel";
    .port_info 1 /INPUT 8 "A";
    .port_info 2 /INPUT 8 "B";
    .port_info 3 /INPUT 8 "C";
    .port_info 4 /OUTPUT 8 "Out";
v0x5a1b7890c350_0 .net "A", 7 0, v0x5a1b78964560_0;  alias, 1 drivers
v0x5a1b7895e540_0 .net "B", 7 0, v0x5a1b789402c0_0;  alias, 1 drivers
v0x5a1b7895e600_0 .net "C", 7 0, v0x5a1b78962800_0;  alias, 1 drivers
v0x5a1b7895e6a0_0 .var "Out", 7 0;
v0x5a1b7895e780_0 .net "sel", 1 0, v0x5a1b789619b0_0;  alias, 1 drivers
E_0x5a1b78913030 .event anyedge, v0x5a1b7895e780_0, v0x5a1b7890c350_0, v0x5a1b789402c0_0, v0x5a1b7895e600_0;
S_0x5a1b7895e950 .scope module, "MUX_3_B" "MUX_3" 4 72, 6 1 0, S_0x5a1b7891f5a0;
 .timescale 0 0;
    .port_info 0 /INPUT 2 "sel";
    .port_info 1 /INPUT 8 "A";
    .port_info 2 /INPUT 8 "B";
    .port_info 3 /INPUT 8 "C";
    .port_info 4 /OUTPUT 8 "Out";
v0x5a1b7895eb60_0 .net "A", 7 0, v0x5a1b78964690_0;  alias, 1 drivers
v0x5a1b7895ec60_0 .net "B", 7 0, v0x5a1b789402c0_0;  alias, 1 drivers
v0x5a1b7895ed70_0 .net "C", 7 0, v0x5a1b78962800_0;  alias, 1 drivers
v0x5a1b7895ee40_0 .var "Out", 7 0;
v0x5a1b7895ef00_0 .net "sel", 1 0, v0x5a1b78961a50_0;  alias, 1 drivers
E_0x5a1b788d9910 .event anyedge, v0x5a1b7895ef00_0, v0x5a1b7895eb60_0, v0x5a1b789402c0_0, v0x5a1b7895e600_0;
S_0x5a1b7895f0d0 .scope module, "RegA" "REG" 4 16, 5 1 0, S_0x5a1b7891f5a0;
 .timescale 0 0;
    .port_info 0 /INPUT 1 "clk";
    .port_info 1 /INPUT 1 "reset";
    .port_info 2 /INPUT 1 "wr";
    .port_info 3 /INPUT 8 "Data_IN";
    .port_info 4 /OUTPUT 8 "Data_OUT";
v0x5a1b7895f2b0_0 .net "Data_IN", 7 0, v0x5a1b7895e6a0_0;  alias, 1 drivers
v0x5a1b7895f3c0_0 .var "Data_OUT", 7 0;
v0x5a1b7895f480_0 .net "clk", 0 0, v0x5a1b789648e0_0;  alias, 1 drivers
v0x5a1b7895f580_0 .net "reset", 0 0, v0x5a1b789649d0_0;  alias, 1 drivers
v0x5a1b7895f650_0 .net "wr", 0 0, v0x5a1b78961ea0_0;  alias, 1 drivers
S_0x5a1b7895f7c0 .scope module, "RegB" "REG" 4 24, 5 1 0, S_0x5a1b7891f5a0;
 .timescale 0 0;
    .port_info 0 /INPUT 1 "clk";
    .port_info 1 /INPUT 1 "reset";
    .port_info 2 /INPUT 1 "wr";
    .port_info 3 /INPUT 8 "Data_IN";
    .port_info 4 /OUTPUT 8 "Data_OUT";
v0x5a1b7895f9f0_0 .net "Data_IN", 7 0, v0x5a1b7895ee40_0;  alias, 1 drivers
v0x5a1b7895fad0_0 .var "Data_OUT", 7 0;
v0x5a1b7895fb90_0 .net "clk", 0 0, v0x5a1b789648e0_0;  alias, 1 drivers
v0x5a1b7895fcb0_0 .net "reset", 0 0, v0x5a1b789649d0_0;  alias, 1 drivers
v0x5a1b7895fda0_0 .net "wr", 0 0, v0x5a1b78961f70_0;  alias, 1 drivers
S_0x5a1b7895ff50 .scope module, "RegIR" "REG" 4 32, 5 1 0, S_0x5a1b7891f5a0;
 .timescale 0 0;
    .port_info 0 /INPUT 1 "clk";
    .port_info 1 /INPUT 1 "reset";
    .port_info 2 /INPUT 1 "wr";
    .port_info 3 /INPUT 8 "Data_IN";
    .port_info 4 /OUTPUT 8 "Data_OUT";
v0x5a1b78960130_0 .net "Data_IN", 7 0, v0x5a1b78962800_0;  alias, 1 drivers
v0x5a1b78960260_0 .var "Data_OUT", 7 0;
v0x5a1b78960340_0 .net "clk", 0 0, v0x5a1b789648e0_0;  alias, 1 drivers
v0x5a1b789603e0_0 .net "reset", 0 0, v0x5a1b789649d0_0;  alias, 1 drivers
v0x5a1b78960480_0 .net "wr", 0 0, v0x5a1b78961db0_0;  alias, 1 drivers
S_0x5a1b78960630 .scope module, "RegPC" "REGPC" 4 40, 7 1 0, S_0x5a1b7891f5a0;
 .timescale 0 0;
    .port_info 0 /INPUT 1 "clk";
    .port_info 1 /INPUT 1 "reset";
    .port_info 2 /INPUT 1 "wr";
    .port_info 3 /INPUT 8 "Data_IN";
    .port_info 4 /OUTPUT 8 "Data_OUT";
v0x5a1b78960810_0 .net "Data_IN", 7 0, v0x5a1b78960910_0;  alias, 1 drivers
v0x5a1b78960910_0 .var "Data_OUT", 7 0;
v0x5a1b789609d0_0 .net "clk", 0 0, v0x5a1b789648e0_0;  alias, 1 drivers
v0x5a1b78960a70_0 .net "reset", 0 0, v0x5a1b789649d0_0;  alias, 1 drivers
v0x5a1b78960b10_0 .net "wr", 0 0, v0x5a1b789618e0_0;  alias, 1 drivers
S_0x5a1b78960c50 .scope module, "alu" "ALU" 4 56, 8 1 0, S_0x5a1b7891f5a0;
 .timescale 0 0;
    .port_info 0 /INPUT 1 "clk";
    .port_info 1 /INPUT 1 "Op";
    .port_info 2 /INPUT 8 "A";
    .port_info 3 /INPUT 8 "B";
    .port_info 4 /OUTPUT 8 "Out";
v0x5a1b78960ea0_0 .net "A", 7 0, v0x5a1b7895f3c0_0;  alias, 1 drivers
v0x5a1b78960fb0_0 .net "B", 7 0, v0x5a1b7895fad0_0;  alias, 1 drivers
v0x5a1b78961080_0 .net "Op", 0 0, v0x5a1b78961640_0;  alias, 1 drivers
v0x5a1b78961150_0 .var "Out", 7 0;
v0x5a1b78961220_0 .net "clk", 0 0, v0x5a1b789648e0_0;  alias, 1 drivers
E_0x5a1b788fdc10 .event posedge, v0x5a1b7890e1c0_0;
S_0x5a1b78961390 .scope module, "control" "CONTROL" 4 88, 9 1 0, S_0x5a1b7891f5a0;
 .timescale 0 0;
    .port_info 0 /INPUT 1 "clk";
    .port_info 1 /INPUT 1 "reset";
    .port_info 2 /INPUT 8 "IR";
    .port_info 3 /OUTPUT 1 "wr_IR";
    .port_info 4 /OUTPUT 2 "MUX_A_sel";
    .port_info 5 /OUTPUT 2 "MUX_B_sel";
    .port_info 6 /OUTPUT 1 "wr_REG_A";
    .port_info 7 /OUTPUT 1 "wr_REG_B";
    .port_info 8 /OUTPUT 2 "wr_ALU_out";
    .port_info 9 /OUTPUT 1 "ALU_Op";
    .port_info 10 /OUTPUT 1 "Inc_PC";
v0x5a1b78961640_0 .var "ALU_Op", 0 0;
v0x5a1b78961720_0 .var "Estado", 1 0;
v0x5a1b789617e0_0 .net "IR", 7 0, v0x5a1b78960260_0;  alias, 1 drivers
v0x5a1b789618e0_0 .var "Inc_PC", 0 0;
v0x5a1b789619b0_0 .var "MUX_A_sel", 1 0;
v0x5a1b78961a50_0 .var "MUX_B_sel", 1 0;
v0x5a1b78961b20_0 .net "clk", 0 0, v0x5a1b789648e0_0;  alias, 1 drivers
v0x5a1b78961bc0_0 .net "reset", 0 0, v0x5a1b789649d0_0;  alias, 1 drivers
v0x5a1b78961c60_0 .var "wr_ALU_out", 1 0;
v0x5a1b78961db0_0 .var "wr_IR", 0 0;
v0x5a1b78961ea0_0 .var "wr_REG_A", 0 0;
v0x5a1b78961f70_0 .var "wr_REG_B", 0 0;
E_0x5a1b78941830 .event anyedge, v0x5a1b7890d770_0;
S_0x5a1b789621e0 .scope module, "mem" "Mem" 4 80, 10 1 0, S_0x5a1b7891f5a0;
 .timescale 0 0;
    .port_info 0 /INPUT 1 "clk";
    .port_info 1 /INPUT 8 "addr";
    .port_info 2 /INPUT 8 "Data_IN";
    .port_info 3 /OUTPUT 8 "Data_OUT";
    .port_info 4 /INPUT 1 "we";
v0x5a1b78962720_0 .net "Data_IN", 7 0, v0x5a1b789402c0_0;  alias, 1 drivers
v0x5a1b78962800_0 .var "Data_OUT", 7 0;
v0x5a1b789628c0_0 .net "addr", 7 0, v0x5a1b78960910_0;  alias, 1 drivers
v0x5a1b789629e0_0 .net "clk", 0 0, v0x5a1b789648e0_0;  alias, 1 drivers
v0x5a1b78962aa0 .array "mem", 255 0, 7 0;
v0x5a1b78962bb0_0 .net "we", 0 0, L_0x5a1b78974a80;  1 drivers
S_0x5a1b78962420 .scope begin, "$ivl_for_loop0" "$ivl_for_loop0" 10 16, 10 16 0, S_0x5a1b789621e0;
 .timescale 0 0;
v0x5a1b78962620_0 .var/2s "i", 31 0;
    .scope S_0x5a1b7895f0d0;
T_0 ;
    %pushi/vec4 0, 0, 8;
    %store/vec4 v0x5a1b7895f3c0_0, 0, 8;
    %end;
    .thread T_0, $init;
    .scope S_0x5a1b7895f0d0;
T_1 ;
    %wait E_0x5a1b788d9c10;
    %load/vec4 v0x5a1b7895f580_0;
    %flag_set/vec4 8;
    %jmp/0xz  T_1.0, 8;
    %pushi/vec4 0, 0, 8;
    %store/vec4 v0x5a1b7895f3c0_0, 0, 8;
    %jmp T_1.1;
T_1.0 ;
    %load/vec4 v0x5a1b7895f650_0;
    %flag_set/vec4 8;
    %jmp/0xz  T_1.2, 8;
    %load/vec4 v0x5a1b7895f2b0_0;
    %store/vec4 v0x5a1b7895f3c0_0, 0, 8;
T_1.2 ;
T_1.1 ;
    %jmp T_1;
    .thread T_1;
    .scope S_0x5a1b7895f7c0;
T_2 ;
    %pushi/vec4 0, 0, 8;
    %store/vec4 v0x5a1b7895fad0_0, 0, 8;
    %end;
    .thread T_2, $init;
    .scope S_0x5a1b7895f7c0;
T_3 ;
    %wait E_0x5a1b788d9c10;
    %load/vec4 v0x5a1b7895fcb0_0;
    %flag_set/vec4 8;
    %jmp/0xz  T_3.0, 8;
    %pushi/vec4 0, 0, 8;
    %store/vec4 v0x5a1b7895fad0_0, 0, 8;
    %jmp T_3.1;
T_3.0 ;
    %load/vec4 v0x5a1b7895fda0_0;
    %flag_set/vec4 8;
    %jmp/0xz  T_3.2, 8;
    %load/vec4 v0x5a1b7895f9f0_0;
    %store/vec4 v0x5a1b7895fad0_0, 0, 8;
T_3.2 ;
T_3.1 ;
    %jmp T_3;
    .thread T_3;
    .scope S_0x5a1b7895ff50;
T_4 ;
    %pushi/vec4 0, 0, 8;
    %store/vec4 v0x5a1b78960260_0, 0, 8;
    %end;
    .thread T_4, $init;
    .scope S_0x5a1b7895ff50;
T_5 ;
    %wait E_0x5a1b788d9c10;
    %load/vec4 v0x5a1b789603e0_0;
    %flag_set/vec4 8;
    %jmp/0xz  T_5.0, 8;
    %pushi/vec4 0, 0, 8;
    %store/vec4 v0x5a1b78960260_0, 0, 8;
    %jmp T_5.1;
T_5.0 ;
    %load/vec4 v0x5a1b78960480_0;
    %flag_set/vec4 8;
    %jmp/0xz  T_5.2, 8;
    %load/vec4 v0x5a1b78960130_0;
    %store/vec4 v0x5a1b78960260_0, 0, 8;
T_5.2 ;
T_5.1 ;
    %jmp T_5;
    .thread T_5;
    .scope S_0x5a1b78960630;
T_6 ;
    %pushi/vec4 0, 0, 8;
    %store/vec4 v0x5a1b78960910_0, 0, 8;
    %end;
    .thread T_6, $init;
    .scope S_0x5a1b78960630;
T_7 ;
    %wait E_0x5a1b788d9c10;
    %load/vec4 v0x5a1b78960a70_0;
    %flag_set/vec4 8;
    %jmp/0xz  T_7.0, 8;
    %pushi/vec4 0, 0, 8;
    %store/vec4 v0x5a1b78960910_0, 0, 8;
    %jmp T_7.1;
T_7.0 ;
    %load/vec4 v0x5a1b78960b10_0;
    %flag_set/vec4 8;
    %jmp/0xz  T_7.2, 8;
    %load/vec4 v0x5a1b78960810_0;
    %addi 1, 0, 8;
    %store/vec4 v0x5a1b78960910_0, 0, 8;
T_7.2 ;
T_7.1 ;
    %jmp T_7;
    .thread T_7;
    .scope S_0x5a1b7891f730;
T_8 ;
    %pushi/vec4 0, 0, 8;
    %store/vec4 v0x5a1b789402c0_0, 0, 8;
    %end;
    .thread T_8, $init;
    .scope S_0x5a1b7891f730;
T_9 ;
    %wait E_0x5a1b788d9c10;
    %load/vec4 v0x5a1b7890d770_0;
    %flag_set/vec4 8;
    %jmp/0xz  T_9.0, 8;
    %pushi/vec4 0, 0, 8;
    %store/vec4 v0x5a1b789402c0_0, 0, 8;
    %jmp T_9.1;
T_9.0 ;
    %load/vec4 v0x5a1b7890cda0_0;
    %flag_set/vec4 8;
    %jmp/0xz  T_9.2, 8;
    %load/vec4 v0x5a1b7893fcb0_0;
    %store/vec4 v0x5a1b789402c0_0, 0, 8;
T_9.2 ;
T_9.1 ;
    %jmp T_9;
    .thread T_9;
    .scope S_0x5a1b78960c50;
T_10 ;
    %pushi/vec4 0, 0, 8;
    %store/vec4 v0x5a1b78961150_0, 0, 8;
    %end;
    .thread T_10, $init;
    .scope S_0x5a1b78960c50;
T_11 ;
    %wait E_0x5a1b788fdc10;
    %load/vec4 v0x5a1b78961080_0;
    %flag_set/vec4 8;
    %jmp/0xz  T_11.0, 8;
    %load/vec4 v0x5a1b78960ea0_0;
    %load/vec4 v0x5a1b78960fb0_0;
    %sub;
    %store/vec4 v0x5a1b78961150_0, 0, 8;
    %jmp T_11.1;
T_11.0 ;
    %load/vec4 v0x5a1b78960ea0_0;
    %load/vec4 v0x5a1b78960fb0_0;
    %add;
    %store/vec4 v0x5a1b78961150_0, 0, 8;
T_11.1 ;
    %jmp T_11;
    .thread T_11;
    .scope S_0x5a1b7895e2b0;
T_12 ;
Ewait_0 .event/or E_0x5a1b78913030, E_0x0;
    %wait Ewait_0;
    %load/vec4 v0x5a1b7895e780_0;
    %cmpi/e 0, 0, 2;
    %jmp/0xz  T_12.0, 4;
    %load/vec4 v0x5a1b7890c350_0;
    %store/vec4 v0x5a1b7895e6a0_0, 0, 8;
    %jmp T_12.1;
T_12.0 ;
    %load/vec4 v0x5a1b7895e780_0;
    %cmpi/e 1, 0, 2;
    %jmp/0xz  T_12.2, 4;
    %load/vec4 v0x5a1b7895e540_0;
    %store/vec4 v0x5a1b7895e6a0_0, 0, 8;
    %jmp T_12.3;
T_12.2 ;
    %load/vec4 v0x5a1b7895e780_0;
    %cmpi/e 2, 0, 2;
    %jmp/0xz  T_12.4, 4;
    %load/vec4 v0x5a1b7895e600_0;
    %store/vec4 v0x5a1b7895e6a0_0, 0, 8;
    %jmp T_12.5;
T_12.4 ;
    %pushi/vec4 0, 0, 8;
    %store/vec4 v0x5a1b7895e6a0_0, 0, 8;
T_12.5 ;
T_12.3 ;
T_12.1 ;
    %jmp T_12;
    .thread T_12, $push;
    .scope S_0x5a1b7895e950;
T_13 ;
Ewait_1 .event/or E_0x5a1b788d9910, E_0x0;
    %wait Ewait_1;
    %load/vec4 v0x5a1b7895ef00_0;
    %cmpi/e 0, 0, 2;
    %jmp/0xz  T_13.0, 4;
    %load/vec4 v0x5a1b7895eb60_0;
    %store/vec4 v0x5a1b7895ee40_0, 0, 8;
    %jmp T_13.1;
T_13.0 ;
    %load/vec4 v0x5a1b7895ef00_0;
    %cmpi/e 1, 0, 2;
    %jmp/0xz  T_13.2, 4;
    %load/vec4 v0x5a1b7895ec60_0;
    %store/vec4 v0x5a1b7895ee40_0, 0, 8;
    %jmp T_13.3;
T_13.2 ;
    %load/vec4 v0x5a1b7895ef00_0;
    %cmpi/e 2, 0, 2;
    %jmp/0xz  T_13.4, 4;
    %load/vec4 v0x5a1b7895ed70_0;
    %store/vec4 v0x5a1b7895ee40_0, 0, 8;
    %jmp T_13.5;
T_13.4 ;
    %pushi/vec4 0, 0, 8;
    %store/vec4 v0x5a1b7895ee40_0, 0, 8;
T_13.5 ;
T_13.3 ;
T_13.1 ;
    %jmp T_13;
    .thread T_13, $push;
    .scope S_0x5a1b789621e0;
T_14 ;
    %fork t_1, S_0x5a1b78962420;
    %jmp t_0;
    .scope S_0x5a1b78962420;
t_1 ;
    %pushi/vec4 0, 0, 32;
    %store/vec4 v0x5a1b78962620_0, 0, 32;
T_14.0 ;
    %load/vec4 v0x5a1b78962620_0;
    %cmpi/s 256, 0, 32;
    %jmp/0xz T_14.1, 5;
    %pushi/vec4 0, 0, 8;
    %ix/getv/s 4, v0x5a1b78962620_0;
    %store/vec4a v0x5a1b78962aa0, 4, 0;
    ; show_stmt_assign_vector: Get l-value for compressed += operand
    %load/vec4 v0x5a1b78962620_0;
    %pushi/vec4 1, 0, 32;
    %add;
    %cast2;
    %store/vec4 v0x5a1b78962620_0, 0, 32;
    %jmp T_14.0;
T_14.1 ;
    %end;
    .scope S_0x5a1b789621e0;
t_0 %join;
    %pushi/vec4 0, 0, 8;
    %ix/load 4, 0, 0;
    %flag_set/imm 4, 0;
    %store/vec4a v0x5a1b78962aa0, 4, 0;
    %pushi/vec4 3, 0, 8;
    %ix/load 4, 1, 0;
    %flag_set/imm 4, 0;
    %store/vec4a v0x5a1b78962aa0, 4, 0;
    %pushi/vec4 4, 0, 8;
    %ix/load 4, 2, 0;
    %flag_set/imm 4, 0;
    %store/vec4a v0x5a1b78962aa0, 4, 0;
    %pushi/vec4 1, 0, 8;
    %ix/load 4, 3, 0;
    %flag_set/imm 4, 0;
    %store/vec4a v0x5a1b78962aa0, 4, 0;
    %pushi/vec4 6, 0, 8;
    %ix/load 4, 4, 0;
    %flag_set/imm 4, 0;
    %store/vec4a v0x5a1b78962aa0, 4, 0;
    %pushi/vec4 1, 0, 8;
    %ix/load 4, 5, 0;
    %flag_set/imm 4, 0;
    %store/vec4a v0x5a1b78962aa0, 4, 0;
    %pushi/vec4 6, 0, 8;
    %ix/load 4, 6, 0;
    %flag_set/imm 4, 0;
    %store/vec4a v0x5a1b78962aa0, 4, 0;
    %pushi/vec4 1, 0, 8;
    %ix/load 4, 7, 0;
    %flag_set/imm 4, 0;
    %store/vec4a v0x5a1b78962aa0, 4, 0;
    %pushi/vec4 6, 0, 8;
    %ix/load 4, 8, 0;
    %flag_set/imm 4, 0;
    %store/vec4a v0x5a1b78962aa0, 4, 0;
    %pushi/vec4 0, 0, 8;
    %ix/load 4, 9, 0;
    %flag_set/imm 4, 0;
    %store/vec4a v0x5a1b78962aa0, 4, 0;
    %end;
    .thread T_14;
    .scope S_0x5a1b789621e0;
T_15 ;
    %wait E_0x5a1b788fdc10;
    %load/vec4 v0x5a1b78962bb0_0;
    %flag_set/vec4 8;
    %jmp/0xz  T_15.0, 8;
    %load/vec4 v0x5a1b78962720_0;
    %load/vec4 v0x5a1b789628c0_0;
    %pad/u 10;
    %ix/vec4 3;
    %ix/load 4, 0, 0; Constant delay
    %assign/vec4/a/d v0x5a1b78962aa0, 0, 4;
T_15.0 ;
    %load/vec4 v0x5a1b789628c0_0;
    %pad/u 10;
    %ix/vec4 4;
    %load/vec4a v0x5a1b78962aa0, 4;
    %assign/vec4 v0x5a1b78962800_0, 0;
    %jmp T_15;
    .thread T_15;
    .scope S_0x5a1b78961390;
T_16 ;
    %pushi/vec4 0, 0, 2;
    %store/vec4 v0x5a1b78961720_0, 0, 2;
    %end;
    .thread T_16, $init;
    .scope S_0x5a1b78961390;
T_17 ;
    %wait E_0x5a1b78941830;
    %load/vec4 v0x5a1b78961bc0_0;
    %flag_set/vec4 8;
    %jmp/0xz  T_17.0, 8;
    %pushi/vec4 0, 0, 2;
    %assign/vec4 v0x5a1b78961720_0, 0;
    %pushi/vec4 0, 0, 2;
    %assign/vec4 v0x5a1b789619b0_0, 0;
    %pushi/vec4 0, 0, 2;
    %assign/vec4 v0x5a1b78961a50_0, 0;
    %pushi/vec4 0, 0, 1;
    %assign/vec4 v0x5a1b78961ea0_0, 0;
    %pushi/vec4 0, 0, 1;
    %assign/vec4 v0x5a1b78961f70_0, 0;
    %pushi/vec4 0, 0, 2;
    %assign/vec4 v0x5a1b78961c60_0, 0;
    %pushi/vec4 0, 0, 1;
    %assign/vec4 v0x5a1b78961640_0, 0;
    %pushi/vec4 0, 0, 1;
    %assign/vec4 v0x5a1b789618e0_0, 0;
T_17.0 ;
    %jmp T_17;
    .thread T_17, $push;
    .scope S_0x5a1b78961390;
T_18 ;
    %wait E_0x5a1b788fdc10;
    %load/vec4 v0x5a1b78961720_0;
    %pad/u 32;
    %cmpi/e 0, 0, 32;
    %jmp/0xz  T_18.0, 4;
    %pushi/vec4 1, 0, 1;
    %assign/vec4 v0x5a1b78961db0_0, 0;
    %pushi/vec4 1, 0, 2;
    %assign/vec4 v0x5a1b78961720_0, 0;
    %pushi/vec4 0, 0, 2;
    %assign/vec4 v0x5a1b789619b0_0, 0;
    %pushi/vec4 0, 0, 2;
    %assign/vec4 v0x5a1b78961a50_0, 0;
    %pushi/vec4 0, 0, 1;
    %assign/vec4 v0x5a1b78961ea0_0, 0;
    %pushi/vec4 0, 0, 1;
    %assign/vec4 v0x5a1b78961f70_0, 0;
    %pushi/vec4 0, 0, 2;
    %assign/vec4 v0x5a1b78961c60_0, 0;
    %pushi/vec4 0, 0, 1;
    %assign/vec4 v0x5a1b78961640_0, 0;
    %pushi/vec4 0, 0, 1;
    %assign/vec4 v0x5a1b789618e0_0, 0;
T_18.0 ;
    %jmp T_18;
    .thread T_18;
    .scope S_0x5a1b78961390;
T_19 ;
    %wait E_0x5a1b788fdc10;
    %load/vec4 v0x5a1b78961720_0;
    %pad/u 32;
    %cmpi/e 1, 0, 32;
    %jmp/0xz  T_19.0, 4;
    %pushi/vec4 0, 0, 1;
    %assign/vec4 v0x5a1b78961db0_0, 0;
    %load/vec4 v0x5a1b789617e0_0;
    %cmpi/e 0, 0, 8;
    %jmp/0xz  T_19.2, 4;
T_19.2 ;
    %load/vec4 v0x5a1b789617e0_0;
    %cmpi/e 1, 0, 8;
    %jmp/0xz  T_19.4, 4;
    %pushi/vec4 1, 0, 1;
    %assign/vec4 v0x5a1b78961640_0, 0;
    %pushi/vec4 1, 0, 2;
    %assign/vec4 v0x5a1b78961c60_0, 0;
T_19.4 ;
    %load/vec4 v0x5a1b789617e0_0;
    %cmpi/e 2, 0, 8;
    %jmp/0xz  T_19.6, 4;
    %pushi/vec4 0, 0, 1;
    %assign/vec4 v0x5a1b78961640_0, 0;
    %pushi/vec4 1, 0, 1;
    %assign/vec4 v0x5a1b78961ea0_0, 0;
    %pushi/vec4 1, 0, 2;
    %assign/vec4 v0x5a1b78961c60_0, 0;
T_19.6 ;
    %load/vec4 v0x5a1b789617e0_0;
    %cmpi/e 3, 0, 8;
    %jmp/0xz  T_19.8, 4;
    %pushi/vec4 0, 0, 2;
    %assign/vec4 v0x5a1b789619b0_0, 0;
    %pushi/vec4 1, 0, 1;
    %assign/vec4 v0x5a1b78961ea0_0, 0;
T_19.8 ;
    %load/vec4 v0x5a1b789617e0_0;
    %cmpi/e 4, 0, 8;
    %jmp/0xz  T_19.10, 4;
    %pushi/vec4 0, 0, 2;
    %assign/vec4 v0x5a1b78961a50_0, 0;
    %pushi/vec4 1, 0, 1;
    %assign/vec4 v0x5a1b78961f70_0, 0;
T_19.10 ;
    %load/vec4 v0x5a1b789617e0_0;
    %cmpi/e 5, 0, 8;
    %jmp/0xz  T_19.12, 4;
    %pushi/vec4 1, 0, 2;
    %assign/vec4 v0x5a1b789619b0_0, 0;
    %pushi/vec4 1, 0, 1;
    %assign/vec4 v0x5a1b78961ea0_0, 0;
T_19.12 ;
    %load/vec4 v0x5a1b789617e0_0;
    %cmpi/e 6, 0, 8;
    %jmp/0xz  T_19.14, 4;
    %pushi/vec4 1, 0, 2;
    %assign/vec4 v0x5a1b78961a50_0, 0;
    %pushi/vec4 1, 0, 1;
    %assign/vec4 v0x5a1b78961f70_0, 0;
T_19.14 ;
    %pushi/vec4 2, 0, 2;
    %assign/vec4 v0x5a1b78961720_0, 0;
T_19.0 ;
    %jmp T_19;
    .thread T_19;
    .scope S_0x5a1b78961390;
T_20 ;
    %wait E_0x5a1b788fdc10;
    %load/vec4 v0x5a1b78961720_0;
    %cmpi/e 2, 0, 2;
    %jmp/0xz  T_20.0, 4;
    %pushi/vec4 1, 0, 1;
    %assign/vec4 v0x5a1b789618e0_0, 0;
    %pushi/vec4 0, 0, 2;
    %assign/vec4 v0x5a1b78961720_0, 0;
T_20.0 ;
    %jmp T_20;
    .thread T_20;
    .scope S_0x5a1b78913e20;
T_21 ;
    %pushi/vec4 0, 0, 1;
    %store/vec4 v0x5a1b789648e0_0, 0, 1;
    %pushi/vec4 0, 0, 1;
    %store/vec4 v0x5a1b789649d0_0, 0, 1;
    %pushi/vec4 0, 0, 8;
    %store/vec4 v0x5a1b78964560_0, 0, 8;
    %pushi/vec4 0, 0, 8;
    %store/vec4 v0x5a1b78964690_0, 0, 8;
    %pushi/vec4 0, 0, 8;
    %store/vec4 v0x5a1b789647a0_0, 0, 8;
    %end;
    .thread T_21, $init;
    .scope S_0x5a1b78913e20;
T_22 ;
    %delay 1, 0;
    %load/vec4 v0x5a1b789648e0_0;
    %inv;
    %store/vec4 v0x5a1b789648e0_0, 0, 1;
    %jmp T_22;
    .thread T_22;
    .scope S_0x5a1b78913e20;
T_23 ;
    %vpi_call/w 3 21 "$dumpfile", "dump.vcd" {0 0 0};
    %vpi_call/w 3 22 "$dumpvars", 32'sb00000000000000000000000000000000 {0 0 0};
    %pushi/vec4 7, 0, 8;
    %store/vec4 v0x5a1b78964560_0, 0, 8;
    %pushi/vec4 5, 0, 8;
    %store/vec4 v0x5a1b78964690_0, 0, 8;
    %delay 50, 0;
    %pushi/vec4 1, 0, 1;
    %store/vec4 v0x5a1b789649d0_0, 0, 1;
    %delay 5, 0;
    %pushi/vec4 0, 0, 1;
    %store/vec4 v0x5a1b789649d0_0, 0, 1;
    %pushi/vec4 2, 0, 8;
    %store/vec4 v0x5a1b78964560_0, 0, 8;
    %pushi/vec4 8, 0, 8;
    %store/vec4 v0x5a1b78964690_0, 0, 8;
    %delay 100, 0;
    %vpi_call/w 3 33 "$finish" {0 0 0};
    %end;
    .thread T_23;
# The file index is used to find the file name in the following table.
:file_names 11;
    "N/A";
    "<interactive>";
    "-";
    "Testbench.sv";
    "CPU.sv";
    "REG.sv";
    "MUX_3.sv";
    "REGPC.sv";
    "ALU.sv";
    "CONTROL.sv";
    "Mem.sv";
